[2026-08-30 07:45:07] INFO: file name = sample-birch-400x300_d177807bc3c04b47ba442bc50afe33dd.jpg --> start downloading
[2026-08-30 07:45:07] INFO: Saved sample-birch-400x300_d177807bc3c04b47ba442bc50afe33dd.jpg 
[2026-08-30 07:45:07] INFO: File sample-birch-400x300_d177807bc3c04b47ba442bc50afe33dd.jpg  downloaded!
[2026-08-30 07:49:51] INFO: file name = sample-birch-400x300_a62f8151d4c648c6965de488381cad29.jpg --> start downloading
[2026-08-30 07:49:51] INFO: Saved sample-birch-400x300_a62f8151d4c648c6965de488381cad29.jpg 
[2026-08-30 07:49:51] INFO: File sample-birch-400x300_a62f8151d4c648c6965de488381cad29.jpg  downloaded!
[2026-08-30 07:51:30] INFO: file name = sample-birch-400x300_9199fb163d4041529c18133200984145.jpg --> start downloading
[2026-08-30 07:51:30] INFO: Saved sample-birch-400x300_9199fb163d4041529c18133200984145.jpg 
[2026-08-30 07:51:30] INFO: File sample-birch-400x300_9199fb163d4041529c18133200984145.jpg  downloaded!
[2026-08-30 08:04:29] INFO: Python server started on http://localhost:8080/
[2026-08-30 08:11:33] INFO: file name = sample-birch-400x300_5fdd0c608d3843bba18140546d41c5de.jpg --> start downloading
[2026-08-30 08:11:33] INFO: Saved sample-birch-400x300_5fdd0c608d3843bba18140546d41c5de.jpg 
[2026-08-30 08:11:33] INFO: File sample-birch-400x300_5fdd0c608d3843bba18140546d41c5de.jpg  downloaded!
[2026-08-30 08:11:41] INFO: file name = sample-birch-400x300_eaacd94ab1d6490da0d60493fc622da0.jpg --> start downloading
[2026-08-30 08:11:41] INFO: Saved sample-birch-400x300_eaacd94ab1d6490da0d60493fc622da0.jpg 
[2026-08-30 08:11:41] INFO: File sample-birch-400x300_eaacd94ab1d6490da0d60493fc622da0.jpg  downloaded!
[2026-08-30 08:13:24] INFO: file name = sample-birch-400x300_0bf6e322a44f4035a6f3176f54ba03e3.jpg --> start downloading
[2026-08-30 08:13:24] INFO: Saved sample-birch-400x300_0bf6e322a44f4035a6f3176f54ba03e3.jpg 
[2026-08-30 08:13:24] INFO: File sample-birch-400x300_0bf6e322a44f4035a6f3176f54ba03e3.jpg  downloaded!
[2026-08-30 08:13:52] INFO: file name = sample-birch-400x300_9ea09f2a39ef43c08cc4e76ba5377465.jpg --> start downloading
[2026-08-30 08:13:52] INFO: Saved sample-birch-400x300_9ea09f2a39ef43c08cc4e76ba5377465.jpg 
[2026-08-30 08:13:52] INFO: File sample-birch-400x300_9ea09f2a39ef43c08cc4e76ba5377465.jpg  downloaded!
[2026-08-30 08:15:04] INFO: file name = sample-birch-400x300_848771399c674df793811d27ccdf7a38.jpg --> start downloading
[2026-08-30 08:15:04] INFO: Saved sample-birch-400x300_848771399c674df793811d27ccdf7a38.jpg 
[2026-08-30 08:15:04] INFO: File sample-birch-400x300_848771399c674df793811d27ccdf7a38.jpg  downloaded!
[2026-08-30 08:15:04] INFO: file name = Снимок экрана_20260827_212751_add0a3737eee4e69bb59cc74e31af412.png --> start downloading
[2026-08-30 08:15:04] INFO: Saved Снимок экрана_20260827_212751_add0a3737eee4e69bb59cc74e31af412.png 
[2026-08-30 08:15:04] INFO: File Снимок экрана_20260827_212751_add0a3737eee4e69bb59cc74e31af412.png  downloaded!
[2026-08-30 08:17:14] INFO: file name = sample-birch-400x300_7b1e9da88b6a4ecfa295790db72af166.jpg --> start downloading
[2026-08-30 08:17:14] INFO: Saved sample-birch-400x300_7b1e9da88b6a4ecfa295790db72af166.jpg 
[2026-08-30 08:17:14] INFO: File sample-birch-400x300_7b1e9da88b6a4ecfa295790db72af166.jpg  downloaded!
[2026-08-30 08:17:14] INFO: file name = Снимок экрана_20260827_212751_961e05be7a964c69a94a655a0300a90e.png --> start downloading
[2026-08-30 08:17:14] INFO: Saved Снимок экрана_20260827_212751_961e05be7a964c69a94a655a0300a90e.png 
[2026-08-30 08:17:14] INFO: File Снимок экрана_20260827_212751_961e05be7a964c69a94a655a0300a90e.png  downloaded!
[2026-08-30 08:20:57] INFO: file name = sample-birch-400x300_336f281b08e148b1a998c857150ff27d.jpg --> start downloading
[2026-08-30 08:20:57] INFO: Saved sample-birch-400x300_336f281b08e148b1a998c857150ff27d.jpg 
[2026-08-30 08:20:57] INFO: File sample-birch-400x300_336f281b08e148b1a998c857150ff27d.jpg  downloaded!
[2026-08-30 08:20:57] INFO: file name = Снимок экрана_20260827_212751_f4af0581687e4b32948325724cd5a59c.png --> start downloading
[2026-08-30 08:20:57] INFO: Saved Снимок экрана_20260827_212751_f4af0581687e4b32948325724cd5a59c.png 
[2026-08-30 08:20:57] INFO: File Снимок экрана_20260827_212751_f4af0581687e4b32948325724cd5a59c.png  downloaded!
[2026-08-30 08:21:14] INFO: file name = sample-birch-400x300_06eba2c3c90f4ea9a11932ab2ac7242a.jpg --> start downloading
[2026-08-30 08:21:14] INFO: Saved sample-birch-400x300_06eba2c3c90f4ea9a11932ab2ac7242a.jpg 
[2026-08-30 08:21:14] INFO: File sample-birch-400x300_06eba2c3c90f4ea9a11932ab2ac7242a.jpg  downloaded!
[2026-08-30 08:21:14] INFO: file name = Снимок экрана_20260827_212751_28d46e4b952941f380c5a47ad3cefda8.png --> start downloading
[2026-08-30 08:21:14] INFO: Saved Снимок экрана_20260827_212751_28d46e4b952941f380c5a47ad3cefda8.png 
[2026-08-30 08:21:14] INFO: File Снимок экрана_20260827_212751_28d46e4b952941f380c5a47ad3cefda8.png  downloaded!
